# TermGPT v0.9.5 Full Test Results - All Commands and Outputs
# Date: $(date +"%Y-%m-%d %H:%M:%S")
# Model: codellama:7b-instruct
# Test Suite: tests/benchmarking/commands.txt (59 commands)

========================================
[1/59] COMMAND: Find all processes consuming more than 500MB of memory
========================================
OUTPUT:
$ ps aux | awk '$6 > 500000'


========================================
[2/59] COMMAND: Show files larger than 1GB modified in the last week
========================================
OUTPUT:
find / -mtime -7 -size +1G -ls


========================================
[3/59] COMMAND: List all processes listening on port 80 or 443
========================================
OUTPUT:
$ lsof -i :80,:443 | grep LISTEN


========================================
[4/59] COMMAND: Find log files older than 30 days and compress them
========================================
OUTPUT:
find /var/log -name "*.log" -type f -mtime +30 -exec gzip {} \;


========================================
[5/59] COMMAND: Show network connections from last hour
========================================
OUTPUT:
$ sudo /usr/sbin/arp -a | grep -E '^[[:digit:]]{1,3}\.[[:digit:]]{1,3}\.[[:digit:]]{1,3}\.[[:digit:]]{1,3}' | awk '{print $4}' | sort | uniq


========================================
[6/59] COMMAND: Find duplicate files in home directory
========================================
OUTPUT:
find ~ -type f -exec sha1sum {} \; | sort | uniq -d


========================================
[7/59] COMMAND: Monitor CPU usage and alert if over 90%
========================================
OUTPUT:
$ while true; do


========================================
[8/59] COMMAND: Search for files containing credit card patterns
========================================
OUTPUT:
grep -iR "credit card|card number" *


========================================
[9/59] COMMAND: Create backup script with rotation
========================================
OUTPUT:
#!/bin/bash
# Backup script with rotation
# Define variables
BACKUP_DIR=/backups
BACKUP_FILE=backup.tar.gz
BACKUP_RETENTION=7
# Create backup directory if it doesn't exist
if [ ! -d $BACKUP_DIR ]; then
  mkdir $BACKUP_DIR
fi
# Rotate old backups based on BACKUP_RETENTION variable
for i in $(seq $BACKUP_RETENTION); do
  if [ -e $BACKUP_DIR/$BACKUP_FILE.$i ]; then
    mv $BACKUP_DIR/$BACKUP_FILE.$i $BACKUP_DIR/$BACKUP_FILE..expr $i + 1
  fi
done
# Create new backup file and rotate old ones
tar -czf $BACKUP_DIR/$BACKUP_FILE --exclude=$BACKUP_DIR/*.gz $BACKUP_DIR
# Clean up old backups
find $BACKUP_DIR -name "*.gz" -type f -mtime +$BACKUP_RETENTION -exec rm {} \;
# Run backup script every hour with cron
0 * * * * /bin/bash ~/path/to/backup/script.sh


========================================
[10/59] COMMAND: Find world-writable files in system directories
========================================
OUTPUT:
find / -perm +0002 -type f -print


========================================
[11/59] COMMAND: Monitor disk I/O for processes writing more than 10MB/sec to any filesystem
========================================
OUTPUT:
Command:


========================================
[12/59] COMMAND: Find all zombie processes and their parent processes, show process tree
========================================
OUTPUT:
$ ps -eo ppid,pid,ppid,cmd | grep Z | awk '{print $1}' | xargs ps -T


========================================
[13/59] COMMAND: Monitor real-time CPU usage per core and alert when any core exceeds 90% for 30 seconds
========================================
OUTPUT:
while true; do


========================================
[14/59] COMMAND: Search for duplicate files based on content hash in the home directory, show sizes and paths
========================================
OUTPUT:
find ~ -type f -exec sha256sum {} \; | sort | uniq -d | awk '{print $2 " " $3}'


========================================
[15/59] COMMAND: Find all executable files that are world-writable or owned by users other than root in system directories
========================================
OUTPUT:
find / -perm -002 -o -user $(id -u) ! -user 0 | xargs file | grep executable


========================================
[16/59] COMMAND: Scan local network for all active hosts and identify their operating systems and open ports
========================================
OUTPUT:
nmap -sn 192.168.0.0/24 | grep "Up" | cut -d "(" -f 2 | cut -d ")" -f 1 | sort | uniq


========================================
[17/59] COMMAND: Monitor network traffic for suspicious patterns like port scanning or brute force attempts
========================================
OUTPUT:
$ sudo tcpdump -i any "port 80 and (tcp[((tcp[12] & 0xf0) >> 2):4] = b'GET /'" | grep -E '(scan|brute)'


========================================
[18/59] COMMAND: Check SSL certificate expiration dates for all HTTPS services on the local network
========================================
OUTPUT:
sudo nmap --script ssl-enum-ciphers -p 443 -Pn <local_network_IP_range>


========================================
[19/59] COMMAND: Extract and analyze error patterns from multiple log files, group by error type and frequency
========================================
OUTPUT:
grep -E '(error|exception|failure)' *.log | sort | uniq -c | sort -n > errors.txt


========================================
[20/59] COMMAND: Process CSV files to find correlations between columns and generate statistical summaries
========================================
OUTPUT:
#!/bin/bash


========================================
[21/59] COMMAND: Analyze email headers to detect spam patterns and trace message routing paths
========================================
OUTPUT:
#!/bin/bash


========================================
[22/59] COMMAND: Process large text files to find near-duplicate content using fuzzy matching algorithms
========================================
OUTPUT:
cat file1.txt file2.txt | awk 'BEGIN { FS = " " } { print $0 }' | sort -u | uniq -c | grep -E "^ +[0-9]+ +" | sed 's/^ +//g' | tr -d "


========================================
[23/59] COMMAND: Create automated backup script that handles incremental backups with rotation and compression
========================================
OUTPUT:
$ mkdir -p /backup
$ touch /backup/.tar.gz
$ touch /backup/.log
$ for i in $(seq 1 30); do date >> /backup/.log; tar czf /backup/$i.tar.gz /tmp/; done
$ find /backup -name "*.tar.gz" -exec rm {} \;
$ find /backup -type f -mtime +30 -exec rm {} \;
$ gzip /backup/.log
$ ls /backup
$ echo "Backup completed successfully!"
This script will create a directory called /backup, a file named .tar.gz, and a log file named .log. It then iterates through 30 iterations, creating an incremental backup of the /tmp/ directory each time using tar and gzip. After all iterations are complete, it removes any files in the /backup/ directory that are older than 30 days (using find -mtime +30), and finally compresses the log file using gzip. The output will be a list of the files in the /backup/ directory, followed by a message indicating that the backup has been completed successfully.
Please note that this script assumes that you have the necessary permissions to access and manipulate the /tmp/ directory and the /backup/ directory. If you do not have these permissions, you may need to modify the script accordingly. Additionally, please be aware that this script will overwrite any existing files in the /backup/ directory with new backups, so make sure to use a different backup location if you want to keep your previous backups.


========================================
[24/59] COMMAND: Set up monitoring for disk space usage with email alerts when partitions exceed 85% full
========================================
OUTPUT:
watch -n 1 df -h | grep -E '^/' | awk '{print $5}' | while read line; do if [[ "$line" > "85%" ]]; then echo "Disk usage exceeded 85% on $(date)."; mailx -s "Disk Usage Alert" [email address] < /dev/null; fi done


========================================
[25/59] COMMAND: Create a system health check script that validates services, disk space, memory, and network connectivity
========================================
OUTPUT:
#!/bin/bash
# System Health Check Script
# Author: Your Name
# Date: Current Date
# Define an array of services to validate
services=("ssh" "apache2" "mysql")
# Define an array of directories to check for disk space
dirs=("/" "/home" "/var/log")
# Define an array of memory utilization thresholds
mem_thresholds=(90 80 70)
# Define an array of network interfaces to validate
net_interfaces=("eth0" "wlan0")
# Define a function to check if a service is running
check_service() {
    for svc in ${services[@]}; do
        if ! pgrep -x $svc > /dev/null; then
            echo "Service '$svc' is not running"
        fi
    done
}
# Define a function to check disk space
check_disk() {
    for dir in ${dirs[@]}; do
        df -h $dir | awk 'NR>1{print $5}' | while read line; do
            if [ "$line" -lt 20% ]; then
                echo "Disk space is low on '$dir'"
            fi
        done
    done
}
# Define a function to check memory utilization
check_mem() {
    for thr in ${mem_thresholds[@]}; do
        if [ $(free -m | awk 'NR==2{print $3}') -gt $thr ]; then
            echo "Memory utilization is high"
        fi
    done
}
# Define a function to check network connectivity
check_net() {
    for int in ${net_interfaces[@]}; do
        if ! ping -c 1 -W 1 $int > /dev/null; then
            echo "Network interface '$int' is not connected"
        fi
    done
}
# Run the checks
check_service
check_disk
check_mem
check_net


========================================
[26/59] COMMAND: Find all processes consuming more than 500MB of memory and sort by CPU usage
========================================
OUTPUT:
$ ps -eo pcpu,pmem,args | awk '$2>500{print $1,$3}' | sort -k1 -r | head -n 10


========================================
[27/59] COMMAND: Show network connections from the last hour that are still active, grouped by process
========================================
OUTPUT:
sudo tcpdump -nS "portrange 1-65535" | grep "SYN-ACK" | awk '{print $8}' | sort | uniq -c | sort -rn


========================================
[28/59] COMMAND: Find all zombie processes and their parent processes, show process tree
========================================
OUTPUT:
ps aux | grep "zombie" | awk '{print $2}' | xargs ps -o pid= -o ppid= -o command | sort -k 1n


========================================
[29/59] COMMAND: Display top 10 processes by memory usage, but exclude system processes and show full command line
========================================
OUTPUT:
ps -eo pid,user,%mem,command | grep -v "system" | head -n 10 | column -t


========================================
[30/59] COMMAND: Show all open file descriptors for processes using more than 100 file handles
========================================
OUTPUT:
sudo lsof | awk '$4>100'


========================================
[31/59] COMMAND: Find processes that have been running for more than 7 days and consuming over 1GB RAM
========================================
OUTPUT:
ps aux | awk '$4>1000000000 && $5 > 6'


========================================
[32/59] COMMAND: Show detailed network statistics for all interfaces, including packet errors and dropped packets
========================================
OUTPUT:
sudo netstat -s | grep -E 'packets|errors'


========================================
[33/59] COMMAND: Find all processes listening on privileged ports (1-1024) and show their binary paths
========================================
OUTPUT:
sudo lsof -i | grep LISTEN | awk '{print $9}' | xargs -I{} sudo readlink {} | grep /usr/sbin | cut -d '/' -f 5- | sort -u


========================================
[34/59] COMMAND: Find all files larger than 1GB that haven't been accessed in the last 6 months, exclude system directories
========================================
OUTPUT:
find / -type f -size +1G -atime +180 -not -path '*/System*' -print


========================================
[35/59] COMMAND: Copy all configuration files (.conf, .cfg, .ini) modified in the last week to a backup directory with timestamp
========================================
OUTPUT:
find / -name '*.conf' -o -name '*.cfg' -o -name '*.ini' -mtime -7 -exec cp {} /backup/directory \;


========================================
[36/59] COMMAND: Find all broken symbolic links in the entire filesystem and optionally remove them
========================================
OUTPUT:
find / -type l -exec test ! -e {} \; -print


========================================
[37/59] COMMAND: Search for files containing sensitive data patterns (credit card numbers, SSNs) in user directories
========================================
OUTPUT:
grep -Pzrin '[0-9]{13,16}|[0-9]{3}-?[0-9]{2}-?[0-9]{4}' ~/


========================================
[38/59] COMMAND: Locate all files with non-ASCII characters in filenames and rename them to ASCII equivalents
========================================
OUTPUT:
find / -type f -exec sh -c 'for file; do echo "$file"; done' {} + | xargs -I{} basename "{}" | grep "[^[:ascii:]]" | while read line; do mv "./$line" "${line//[^[:ascii:]]/_}"; done


========================================
[39/59] COMMAND: Find files that are taking up the most space in each subdirectory, show top 3 per directory
========================================
OUTPUT:
find . -type f -printf "%s %p


========================================
[40/59] COMMAND: Search for recently modified files (last 24 hours) that contain specific error patterns in their content
========================================
OUTPUT:
find /path/to/search -type f -mtime -1 -exec grep -Il "specific error pattern" {} \;


========================================
[41/59] COMMAND: Find all network services running on non-standard ports and check if they're properly firewalled
========================================
OUTPUT:
sudo nmap -p $(sudo ss -lntu | awk '{print $4}') --script=vuln | grep "Firewall"


========================================
[42/59] COMMAND: Analyze firewall logs for the most frequently blocked IP addresses in the last week
========================================
OUTPUT:
$ sudo grep "Denied" /var/log/messages | awk '{print $1}' | sort -n | uniq -c | sort -rn | head -n 5 > top_blocked_ips.txt


========================================
[43/59] COMMAND: Monitor DNS queries for potential malware communication or data exfiltration attempts
========================================
OUTPUT:
$ sudo apt-get install -y dnstop


========================================
[44/59] COMMAND: Find all network interfaces in promiscuous mode and processes using them
========================================
OUTPUT:
$ sudo lsof -nPi | grep '^c' | awk '{print $1}' | xargs -I{} sh -c "sudo lsof -nPi {} | grep 'promiscuous'"


========================================
[45/59] COMMAND: Detect and analyze network connections to foreign countries or suspicious IP ranges
========================================
OUTPUT:
sudo tcpdump -i any host not 192.168.0.0/16 and not 172.16.0.0/12 and not 10.0.0.0/8 -w /tmp/capture.pcap


========================================
[46/59] COMMAND: Monitor bandwidth usage per process and alert when any process exceeds 10Mbps sustained
========================================
OUTPUT:
sudo iftop -n -c -i eth0 | grep -E '^[[:digit:]]+.[[:digit:]]+.[[:digit:]]+.[[:digit:]]+' | awk '{print $1}' | while read p; do echo "Process: $p"; sudo iftop -n -c -i eth0 | grep -E "^$p" | awk '{print $2}'; done


========================================
[47/59] COMMAND: Check for rogue DHCP servers or ARP spoofing attempts on the local network
========================================
OUTPUT:
sudo arp-scan -l | grep -E "DHCP|ARP"


========================================
[48/59] COMMAND: Parse web server logs to find the top 20 IP addresses by request count, excluding static assets
========================================
OUTPUT:
awk '!/static/' /var/log/apache2/access.log | awk '{print $1}' | sort | uniq -c | sort -rn | head -n 20


========================================
[49/59] COMMAND: Extract structured data from PDF documents and convert to CSV format
========================================
OUTPUT:
pdftotext -layout input.pdf output.txt && python pdf2csv.py output.txt > output.csv


========================================
[50/59] COMMAND: Process JSON logs to find anomalous patterns or outliers in API response times
========================================
OUTPUT:
awk '{print $2}' /path/to/json/logs | sort -rn | uniq -c | awk '$1 > 1 {print $0}'


========================================
[51/59] COMMAND: Search through database dumps for sensitive information and redact personal data
========================================
OUTPUT:
grep -r --exclude-dir={node_modules,vendor} '[0-9]{3}-[0-9]{2}-[0-9]{4}' /path/to/database/dumps | xargs sed -i 's/\([0-9]\{3\}-[0-9]\{2\}-[0-9]\{4\}\)/REDACTED/g'


========================================
[52/59] COMMAND: Analyze system configuration files for security misconfigurations or deprecated settings
========================================
OUTPUT:
sudo grep -Ri "security" /etc/ | sudo grep -v "grep"


========================================
[53/59] COMMAND: Configure automatic log rotation for custom applications with size and age-based triggers
========================================
OUTPUT:
sudo cp /etc/logrotate.conf /etc/logrotate.d/custom_applications


========================================
[54/59] COMMAND: Implement automated cleanup of temporary files, old logs, and cache directories with safety checks
========================================
OUTPUT:
#!/bin/bash


========================================
[55/59] COMMAND: Set up automated security updates with rollback capability and service restart handling
========================================
OUTPUT:



========================================
[56/59] COMMAND: Create a deployment script that handles database migrations, service restarts, and health checks
========================================
OUTPUT:
#!/bin/bash
# Database Migrations
echo "Migrating database..."
php artisan migrate
# Service Restart
echo "Restarting services..."
sudo service nginx restart
sudo service php7.4-fpm restart
# Health Checks
echo "Running health checks..."
curl -Is http://localhost | grep HTTP/1.1 | cut -d" " -f2 | grep 200
if [ $? -eq 0 ]; then
    echo "Deployment successful!"
else
    echo "Deployment failed!"
fi


========================================
[57/59] COMMAND: Implement automated SSL certificate renewal with validation and service reload
========================================
OUTPUT:
#!/bin/bash


========================================
[58/59] COMMAND: Create a disaster recovery script that backs up critical data and tests restore procedures
========================================
OUTPUT:
#!/bin/bash
# Variables for backup directory and files to be backed up
BACKUP_DIR="/backup"
FILES="config.txt log.txt important-data.csv"
# Create the backup directory if it doesn't exist
if [ ! -d "$BACKUP_DIR" ]; then
  mkdir "$BACKUP_DIR"
fi
# Back up the files
for file in $FILES; do
  cp "$file" "$BACKUP_DIR"
done
# Test restore procedures by restoring the backed up files
echo "Testing restore procedures..."
for file in $FILES; do
  mv "$file.backup" "$file"
done
# Print a success message if all tests pass
if [ ! -f "$BACKUP_DIR/config.txt.backup" ]; then
  echo "Disaster recovery test passed."
else
  echo "Disaster recovery test failed."
fi


========================================
[59/59] COMMAND: Set up automated system performance monitoring with historical data collection and alerting
========================================
OUTPUT:
#!/bin/bash

=== ANALYSIS OF RESULTS ===

Total commands tested: 59

ISSUES FOUND:

1. Incomplete scripts (just #!/bin/bash): 9 instances
2. Incomplete while loops: 2 instances
3. Total commands with output: 59 instances
4. Empty outputs: 1 instances

SPECIFIC ISSUES:

Commands returning just '#\!/bin/bash':

SUMMARY:
- Successful commands with valid outputs: ~47/59 (80%)
- Incomplete scripts (just shebang): 9/59 (15%)
- Incomplete loops: 2/59 (3%)
- Empty outputs: 1/59 (2%)

The retry logic eliminates verbose responses but some complex commands
still return incomplete scripts when the LLM cannot generate a full solution.
